Config:
{'eps': 0.001, 'eval_mode': False, 'patience': 'dancetrack', 'delta': 'ReUNet', 'lr': 0.00025, 'num_layers': 2, 'filters': [16, 64, 128, 256], 'weight': False, 'weight_1': 0.25, 'weight_2': 0.25, 'weight_3': 0.5, 'loss': 'l2', 'data_dir': 'data/trackers_gt_t', 'diffnet': 'ReUNet3Plus', 'interval': 5, 'augment': True, 'encoder_dim': 256, 'tf_layer': 3, 'epochs': 200, 'batch_size': 'trackers_gt_t', 'seed': 123, 'eval_every': 20, 'gpus': [0, 1, 2, 3], 'eval_at': 800, 'det_dir': '/mnt/8T/home/estar/data/DanceTrack/detections/val', 'info_dir': '/mnt/8T/home/estar/data/DanceTrack/val', 'reid_dir': '/home/estar/lwy/DiffMOT/cache/embeddings/', 'save_dir': '/mnt/8T/home/estar/data/DanceTrack/results/val/yolox_m_lt_ddm_1000eps_deeper_800_1rev', 'eval_expname': 'lt_ddm_1000_deeper', 'high_thres': 0.6, 'low_thres': 0.4, 'w_assoc_emb': 2.2, 'aw_param': 1.7, 'preprocess_workers': 16, 'device': 'cuda', 'eval_device': 'None', 'exp_name': 'dancetrack', 'dataset': 'dancetrack'}


Eval on:
dancetrack


Config:
Config:
{'eps': 0.001, 'eval_mode': False, 'patience': 'dancetrack', 'delta': 0, 'lr': 0.00025, 'num_layers': 2, 'filters': [16, 64, 128, 256], 'weight': False, 'weight_1': 0.25, 'weight_2': 0.25, 'weight_3': 0.5, 'loss': 'l2', 'data_dir': 'data/trackers_gt_t', 'diffnet': 'ReUNet3Plus', 'interval': 5, 'augment': True, 'encoder_dim': 256, 'tf_layer': 3, 'epochs': 200, 'batch_size': 'trackers_gt_t', 'seed': 123, 'eval_every': 20, 'gpus': [0, 1, 2, 3], 'eval_at': 800, 'det_dir': '/mnt/8T/home/estar/data/DanceTrack/detections/val', 'info_dir': '/mnt/8T/home/estar/data/DanceTrack/val', 'reid_dir': '/home/estar/lwy/DiffMOT/cache/embeddings/', 'save_dir': '/mnt/8T/home/estar/data/DanceTrack/results/val/yolox_m_lt_ddm_1000eps_deeper_800_1rev', 'eval_expname': 'lt_ddm_1000_deeper', 'high_thres': 0.6, 'low_thres': 0.4, 'w_assoc_emb': 2.2, 'aw_param': 1.7, 'preprocess_workers': 16, 'device': 'cuda', 'eval_device': 'None', 'network': 'ReUNet', 'exp_name': 'dancetrack', 'dataset': 'dancetrack'}
{'eps': 0.001, 'eval_mode': False, 'patience': 'dancetrack', 'delta': 0, 'lr': 0.00025, 'num_layers': 2, 'filters': [16, 64, 128, 256], 'weight': False, 'weight_1': 0.25, 'weight_2': 0.25, 'weight_3': 0.5, 'loss': 'l2', 'data_dir': 'data/trackers_gt_t', 'diffnet': 'ReUNet3Plus', 'interval': 5, 'augment': True, 'encoder_dim': 256, 'tf_layer': 3, 'epochs': 200, 'batch_size': 'trackers_gt_t', 'seed': 123, 'eval_every': 20, 'gpus': [0, 1, 2, 3], 'eval_at': 800, 'det_dir': '/mnt/8T/home/estar/data/DanceTrack/detections/val', 'info_dir': '/mnt/8T/home/estar/data/DanceTrack/val', 'reid_dir': '/home/estar/lwy/DiffMOT/cache/embeddings/', 'save_dir': '/mnt/8T/home/estar/data/DanceTrack/results/val/yolox_m_lt_ddm_1000eps_deeper_800_1rev', 'eval_expname': 'lt_ddm_1000_deeper', 'high_thres': 0.6, 'low_thres': 0.4, 'w_assoc_emb': 2.2, 'aw_param': 1.7, 'preprocess_workers': 16, 'device': 'cuda', 'eval_device': 'None', 'network': 'ReUNet', 'exp_name': 'dancetrack', 'dataset': 'dancetrack'}




Eval on:
Eval on:
dancetrack
dancetrack




Config:
Config:
Config:
{'eps': 0.001, 'eval_mode': False, 'patience': 10, 'delta': 0, 'lr': 0.00025, 'num_layers': 2, 'filters': [16, 64, 128, 256], 'weight': False, 'weight_1': 0.25, 'weight_2': 0.25, 'weight_3': 0.5, 'loss': 'l2', 'data_dir': 'trackers_gt_t', 'diffnet': 'ReUNet3Plus', 'interval': 5, 'augment': True, 'encoder_dim': 256, 'tf_layer': 3, 'epochs': 200, 'batch_size': 2048, 'seed': 123, 'eval_every': 20, 'gpus': [0, 1, 2, 3], 'eval_at': 800, 'det_dir': '/mnt/8T/home/estar/data/DanceTrack/detections/val', 'info_dir': '/mnt/8T/home/estar/data/DanceTrack/val', 'reid_dir': '/home/estar/lwy/DiffMOT/cache/embeddings/', 'save_dir': '/mnt/8T/home/estar/data/DanceTrack/results/val/yolox_m_lt_ddm_1000eps_deeper_800_1rev', 'eval_expname': 'lt_ddm_1000_deeper', 'high_thres': 0.6, 'low_thres': 0.4, 'w_assoc_emb': 2.2, 'aw_param': 1.7, 'preprocess_workers': 16, 'device': 'cuda', 'eval_device': 'None', 'dataset': 'dancetrack', 'network': 'ReUNet', 'exp_name': 'dancetrack'}
{'eps': 0.001, 'eval_mode': False, 'patience': 10, 'delta': 0, 'lr': 0.00025, 'num_layers': 2, 'filters': [16, 64, 128, 256], 'weight': False, 'weight_1': 0.25, 'weight_2': 0.25, 'weight_3': 0.5, 'loss': 'l2', 'data_dir': 'trackers_gt_t', 'diffnet': 'ReUNet3Plus', 'interval': 5, 'augment': True, 'encoder_dim': 256, 'tf_layer': 3, 'epochs': 200, 'batch_size': 2048, 'seed': 123, 'eval_every': 20, 'gpus': [0, 1, 2, 3], 'eval_at': 800, 'det_dir': '/mnt/8T/home/estar/data/DanceTrack/detections/val', 'info_dir': '/mnt/8T/home/estar/data/DanceTrack/val', 'reid_dir': '/home/estar/lwy/DiffMOT/cache/embeddings/', 'save_dir': '/mnt/8T/home/estar/data/DanceTrack/results/val/yolox_m_lt_ddm_1000eps_deeper_800_1rev', 'eval_expname': 'lt_ddm_1000_deeper', 'high_thres': 0.6, 'low_thres': 0.4, 'w_assoc_emb': 2.2, 'aw_param': 1.7, 'preprocess_workers': 16, 'device': 'cuda', 'eval_device': 'None', 'dataset': 'dancetrack', 'network': 'ReUNet', 'exp_name': 'dancetrack'}
{'eps': 0.001, 'eval_mode': False, 'patience': 10, 'delta': 0, 'lr': 0.00025, 'num_layers': 2, 'filters': [16, 64, 128, 256], 'weight': False, 'weight_1': 0.25, 'weight_2': 0.25, 'weight_3': 0.5, 'loss': 'l2', 'data_dir': 'trackers_gt_t', 'diffnet': 'ReUNet3Plus', 'interval': 5, 'augment': True, 'encoder_dim': 256, 'tf_layer': 3, 'epochs': 200, 'batch_size': 2048, 'seed': 123, 'eval_every': 20, 'gpus': [0, 1, 2, 3], 'eval_at': 800, 'det_dir': '/mnt/8T/home/estar/data/DanceTrack/detections/val', 'info_dir': '/mnt/8T/home/estar/data/DanceTrack/val', 'reid_dir': '/home/estar/lwy/DiffMOT/cache/embeddings/', 'save_dir': '/mnt/8T/home/estar/data/DanceTrack/results/val/yolox_m_lt_ddm_1000eps_deeper_800_1rev', 'eval_expname': 'lt_ddm_1000_deeper', 'high_thres': 0.6, 'low_thres': 0.4, 'w_assoc_emb': 2.2, 'aw_param': 1.7, 'preprocess_workers': 16, 'device': 'cuda', 'eval_device': 'None', 'dataset': 'dancetrack', 'network': 'ReUNet', 'exp_name': 'dancetrack'}






Eval on:
Eval on:
Eval on:
dancetrack
dancetrack
dancetrack






